// Jest Snapshot v1, https://goo.gl/fbAQLP

exports[`Dump renders correctly 1`] = `
<div
  className="sc-hHEiqL kHHeJj"
>
  <header
    className="sc-iqAclL jYrfGw"
  >
    <button
      className="sc-pNWdM fnrTkb"
      onClick={[Function]}
    >
      <span
        aria-label="switch colour theme"
        className="sc-bdnxRM EAjKv"
        role="img"
        size="XL"
      >
        üåö
      </span>
    </button>
    <div
      className="sc-fujyAs jbPEWQ"
      onClick={[Function]}
    >
      <ul
        className="sc-iCoGMd flYRkT"
        direction="row"
        fontSize="XL"
      >
        <li>
          <span
            aria-label="Home"
            className="sc-bdnxRM EAjKv"
            role="img"
            size="XL"
          >
            üè°
          </span>
          <a
            href="/"
          >
            Home
          </a>
        </li>
        <li>
          <span
            aria-label="About"
            className="sc-bdnxRM EAjKv"
            role="img"
            size="XL"
          >
            üêµ
          </span>
          <a
            href="/about/"
          >
            About
          </a>
        </li>
        <li>
          <span
            aria-label="Blogs"
            className="sc-bdnxRM EAjKv"
            role="img"
            size="XL"
          >
            ‚úç
          </span>
          <a
            href="/blogs/"
          >
            Blogs
          </a>
        </li>
        <li>
          <span
            aria-label="Projects"
            className="sc-bdnxRM EAjKv"
            role="img"
            size="XL"
          >
            üî®
          </span>
          <a
            href="/projects/"
          >
            Projects
          </a>
        </li>
        <li>
          <span
            aria-label="Promotions"
            className="sc-bdnxRM EAjKv"
            role="img"
            size="XL"
          >
            üéÅ
          </span>
          <a
            href="/promotions/"
          >
            Promotions
          </a>
        </li>
      </ul>
    </div>
    <button
      className="sc-kEqXSa gmvYaa"
    >
      <svg
        fill="currentColor"
        height={48}
        onClick={[Function]}
        stroke="currentColor"
        strokeWidth="0"
        style={
          Object {
            "color": undefined,
          }
        }
        viewBox="0 0 512 512"
        width={48}
        xmlns="http://www.w3.org/2000/svg"
      >
        <title>
          menu
        </title>
        <path
          d="M432 176H80c-8.8 0-16-7.2-16-16s7.2-16 16-16h352c8.8 0 16 7.2 16 16s-7.2 16-16 16zM432 272H80c-8.8 0-16-7.2-16-16s7.2-16 16-16h352c8.8 0 16 7.2 16 16s-7.2 16-16 16zM432 368H80c-8.8 0-16-7.2-16-16s7.2-16 16-16h352c8.8 0 16 7.2 16 16s-7.2 16-16 16z"
        />
      </svg>
    </button>
  </header>
  <main
    className="sc-dlMDgC aVRWk"
  >
    <section
      className="sc-ezzafa ejwbKN"
    >
      <h1
        className="sc-gtsrHT bjDgTT"
      >
        About
      </h1>
      <article
        dangerouslySetInnerHTML={
          Object {
            "__html": "",
          }
        }
      />
    </section>
  </main>
  <footer
    className="sc-bqGGPW gQhKNG"
  >
    <div
      className="sc-ksluID hVFDJJ"
    >
      <div
        className="sc-fFSPTT kNkNNL"
      >
        <div>
          <h3
            className="sc-hKFxyN iuzYWH"
          >
            This Site
          </h3>
          <ul
            className="sc-iCoGMd iHXJlm"
            direction="column"
            fontSize="N"
          >
            <li>
              <span
                aria-label="About"
                className="sc-bdnxRM hHhLGM"
                role="img"
                size="N"
              >
                üêµ
              </span>
              <a
                href="/about/"
              >
                About
              </a>
            </li>
            <li>
              <span
                aria-label="Blogs"
                className="sc-bdnxRM hHhLGM"
                role="img"
                size="N"
              >
                ‚úç
              </span>
              <a
                href="/blogs/"
              >
                Blogs
              </a>
            </li>
            <li>
              <span
                aria-label="Projects"
                className="sc-bdnxRM hHhLGM"
                role="img"
                size="N"
              >
                üî®
              </span>
              <a
                href="/projects/"
              >
                Projects
              </a>
            </li>
            <li>
              <span
                aria-label="Privacy"
                className="sc-bdnxRM hHhLGM"
                role="img"
                size="N"
              >
                üïµ
              </span>
              <a
                href="/privacy/"
              >
                Privacy
              </a>
            </li>
            <li>
              <span
                aria-label="Promotions"
                className="sc-bdnxRM hHhLGM"
                role="img"
                size="N"
              >
                üéÅ
              </span>
              <a
                href="/promotions/"
              >
                Promotions
              </a>
            </li>
          </ul>
        </div>
        <div>
          <h3
            className="sc-hKFxyN iuzYWH"
          >
            Popular Articles
          </h3>
          <p
            className="sc-jSFjdj eYpJUz"
          >
            Incoming
          </p>
          <p
            className="sc-jSFjdj eYpJUz"
          >
            Incoming
          </p>
          <p
            className="sc-jSFjdj eYpJUz"
          >
            Incoming
          </p>
          <p
            className="sc-jSFjdj eYpJUz"
          >
            Incoming
          </p>
        </div>
      </div>
      <div
        className="sc-fnVZcZ kTqUVt"
      >
        <p
          className="sc-jSFjdj eYpJUz"
        >
          Human Made
        </p>
        <p
          className="sc-jSFjdj eYpJUz"
        >
          Connect with me:
        </p>
        <div
          className="sc-crzoAE ExxXS"
        >
          <a
            className="sc-dIsUp leKxMd"
            href="https://github.com/ianbossman8"
            target="blank"
            title="Github"
          >
            <i>
              <svg
                fill="currentColor"
                height={24}
                stroke="currentColor"
                strokeWidth="0"
                style={
                  Object {
                    "color": undefined,
                  }
                }
                viewBox="0 0 496 512"
                width={24}
                xmlns="http://www.w3.org/2000/svg"
              >
                <path
                  d="M165.9 397.4c0 2-2.3 3.6-5.2 3.6-3.3.3-5.6-1.3-5.6-3.6 0-2 2.3-3.6 5.2-3.6 3-.3 5.6 1.3 5.6 3.6zm-31.1-4.5c-.7 2 1.3 4.3 4.3 4.9 2.6 1 5.6 0 6.2-2s-1.3-4.3-4.3-5.2c-2.6-.7-5.5.3-6.2 2.3zm44.2-1.7c-2.9.7-4.9 2.6-4.6 4.9.3 2 2.9 3.3 5.9 2.6 2.9-.7 4.9-2.6 4.6-4.6-.3-1.9-3-3.2-5.9-2.9zM244.8 8C106.1 8 0 113.3 0 252c0 110.9 69.8 205.8 169.5 239.2 12.8 2.3 17.3-5.6 17.3-12.1 0-6.2-.3-40.4-.3-61.4 0 0-70 15-84.7-29.8 0 0-11.4-29.1-27.8-36.6 0 0-22.9-15.7 1.6-15.4 0 0 24.9 2 38.6 25.8 21.9 38.6 58.6 27.5 72.9 20.9 2.3-16 8.8-27.1 16-33.7-55.9-6.2-112.3-14.3-112.3-110.5 0-27.5 7.6-41.3 23.6-58.9-2.6-6.5-11.1-33.3 2.6-67.9 20.9-6.5 69 27 69 27 20-5.6 41.5-8.5 62.8-8.5s42.8 2.9 62.8 8.5c0 0 48.1-33.6 69-27 13.7 34.7 5.2 61.4 2.6 67.9 16 17.7 25.8 31.5 25.8 58.9 0 96.5-58.9 104.2-114.8 110.5 9.2 7.9 17 22.9 17 46.4 0 33.7-.3 75.4-.3 83.6 0 6.5 4.6 14.4 17.3 12.1C428.2 457.8 496 362.9 496 252 496 113.3 383.5 8 244.8 8zM97.2 352.9c-1.3 1-1 3.3.7 5.2 1.6 1.6 3.9 2.3 5.2 1 1.3-1 1-3.3-.7-5.2-1.6-1.6-3.9-2.3-5.2-1zm-10.8-8.1c-.7 1.3.3 2.9 2.3 3.9 1.6 1 3.6.7 4.3-.7.7-1.3-.3-2.9-2.3-3.9-2-.6-3.6-.3-4.3.7zm32.4 35.6c-1.6 1.3-1 4.3 1.3 6.2 2.3 2.3 5.2 2.6 6.5 1 1.3-1.3.7-4.3-1.3-6.2-2.2-2.3-5.2-2.6-6.5-1zm-11.4-14.7c-1.6 1-1.6 3.6 0 5.9 1.6 2.3 4.3 3.3 5.6 2.3 1.6-1.3 1.6-3.9 0-6.2-1.4-2.3-4-3.3-5.6-2z"
                />
              </svg>
            </i>
          </a>
          <a
            className="sc-dIsUp jNmjfv"
            href="https://www.google.com/"
            target="blank"
            title="Twitter"
          >
            <i>
              <svg
                fill="currentColor"
                height={24}
                stroke="currentColor"
                strokeWidth="0"
                style={
                  Object {
                    "color": undefined,
                  }
                }
                viewBox="0 0 512 512"
                width={24}
                xmlns="http://www.w3.org/2000/svg"
              >
                <path
                  d="M459.37 151.716c.325 4.548.325 9.097.325 13.645 0 138.72-105.583 298.558-298.558 298.558-59.452 0-114.68-17.219-161.137-47.106 8.447.974 16.568 1.299 25.34 1.299 49.055 0 94.213-16.568 130.274-44.832-46.132-.975-84.792-31.188-98.112-72.772 6.498.974 12.995 1.624 19.818 1.624 9.421 0 18.843-1.3 27.614-3.573-48.081-9.747-84.143-51.98-84.143-102.985v-1.299c13.969 7.797 30.214 12.67 47.431 13.319-28.264-18.843-46.781-51.005-46.781-87.391 0-19.492 5.197-37.36 14.294-52.954 51.655 63.675 129.3 105.258 216.365 109.807-1.624-7.797-2.599-15.918-2.599-24.04 0-57.828 46.782-104.934 104.934-104.934 30.213 0 57.502 12.67 76.67 33.137 23.715-4.548 46.456-13.32 66.599-25.34-7.798 24.366-24.366 44.833-46.132 57.827 21.117-2.273 41.584-8.122 60.426-16.243-14.292 20.791-32.161 39.308-52.628 54.253z"
                />
              </svg>
            </i>
          </a>
          <a
            className="sc-dIsUp eNjGDQ"
            href="https://ianbossman.medium.com/"
            target="blank"
            title="Medium"
          >
            <i>
              <svg
                fill="currentColor"
                height={24}
                stroke="currentColor"
                strokeWidth="0"
                style={
                  Object {
                    "color": undefined,
                  }
                }
                viewBox="0 0 448 512"
                width={24}
                xmlns="http://www.w3.org/2000/svg"
              >
                <path
                  d="M0 32v448h448V32H0zm372.2 106.1l-24 23c-2.1 1.6-3.1 4.2-2.7 6.7v169.3c-.4 2.6.6 5.2 2.7 6.7l23.5 23v5.1h-118V367l24.3-23.6c2.4-2.4 2.4-3.1 2.4-6.7V199.8l-67.6 171.6h-9.1L125 199.8v115c-.7 4.8 1 9.7 4.4 13.2l31.6 38.3v5.1H71.2v-5.1l31.6-38.3c3.4-3.5 4.9-8.4 4.1-13.2v-133c.4-3.7-1-7.3-3.8-9.8L75 138.1V133h87.3l67.4 148L289 133.1h83.2v5z"
                />
              </svg>
            </i>
          </a>
          <a
            className="sc-dIsUp dCVPxC"
            href="https://www.google.com/"
            target="blank"
            title="Blogger"
          >
            <i>
              <svg
                fill="currentColor"
                height={24}
                stroke="currentColor"
                strokeWidth="0"
                style={
                  Object {
                    "color": undefined,
                  }
                }
                viewBox="0 0 448 512"
                width={24}
                xmlns="http://www.w3.org/2000/svg"
              >
                <path
                  d="M162.4 196c4.8-4.9 6.2-5.1 36.4-5.1 27.2 0 28.1.1 32.1 2.1 5.8 2.9 8.3 7 8.3 13.6 0 5.9-2.4 10-7.6 13.4-2.8 1.8-4.5 1.9-31.1 2.1-16.4.1-29.5-.2-31.5-.8-10.3-2.9-14.1-17.7-6.6-25.3zm61.4 94.5c-53.9 0-55.8.2-60.2 4.1-3.5 3.1-5.7 9.4-5.1 13.9.7 4.7 4.8 10.1 9.2 12 2.2 1 14.1 1.7 56.3 1.2l47.9-.6 9.2-1.5c9-5.1 10.5-17.4 3.1-24.4-5.3-4.7-5-4.7-60.4-4.7zm223.4 130.1c-3.5 28.4-23 50.4-51.1 57.5-7.2 1.8-9.7 1.9-172.9 1.8-157.8 0-165.9-.1-172-1.8-8.4-2.2-15.6-5.5-22.3-10-5.6-3.8-13.9-11.8-17-16.4-3.8-5.6-8.2-15.3-10-22C.1 423 0 420.3 0 256.3 0 93.2 0 89.7 1.8 82.6 8.1 57.9 27.7 39 53 33.4c7.3-1.6 332.1-1.9 340-.3 21.2 4.3 37.9 17.1 47.6 36.4 7.7 15.3 7-1.5 7.3 180.6.2 115.8 0 164.5-.7 170.5zm-85.4-185.2c-1.1-5-4.2-9.6-7.7-11.5-1.1-.6-8-1.3-15.5-1.7-12.4-.6-13.8-.8-17.8-3.1-6.2-3.6-7.9-7.6-8-18.3 0-20.4-8.5-39.4-25.3-56.5-12-12.2-25.3-20.5-40.6-25.1-3.6-1.1-11.8-1.5-39.2-1.8-42.9-.5-52.5.4-67.1 6.2-27 10.7-46.3 33.4-53.4 62.4-1.3 5.4-1.6 14.2-1.9 64.3-.4 62.8 0 72.1 4 84.5 9.7 30.7 37.1 53.4 64.6 58.4 9.2 1.7 122.2 2.1 133.7.5 20.1-2.7 35.9-10.8 50.7-25.9 10.7-10.9 17.4-22.8 21.8-38.5 3.2-10.9 2.9-88.4 1.7-93.9z"
                />
              </svg>
            </i>
          </a>
          <a
            className="sc-dIsUp caEdEs"
            href="https://linktr.ee/ianbossman"
            target="blank"
            title="LinkTree"
          >
            <i>
              <svg
                fill="currentColor"
                height={24}
                stroke="currentColor"
                strokeWidth="0"
                style={
                  Object {
                    "color": undefined,
                  }
                }
                viewBox="0 0 640 512"
                width={24}
                xmlns="http://www.w3.org/2000/svg"
              >
                <path
                  d="M272 191.91c-17.6 0-32 14.4-32 32v80c0 8.84-7.16 16-16 16s-16-7.16-16-16v-76.55c0-17.39 4.72-34.47 13.69-49.39l77.75-129.59c9.09-15.16 4.19-34.81-10.97-43.91-14.45-8.67-32.72-4.3-42.3 9.21-.2.23-.62.21-.79.48l-117.26 175.9C117.56 205.9 112 224.31 112 243.29v80.23l-90.12 30.04A31.974 31.974 0 0 0 0 383.91v96c0 10.82 8.52 32 32 32 2.69 0 5.41-.34 8.06-1.03l179.19-46.62C269.16 449.99 304 403.8 304 351.91v-128c0-17.6-14.4-32-32-32zm346.12 161.73L528 323.6v-80.23c0-18.98-5.56-37.39-16.12-53.23L394.62 14.25c-.18-.27-.59-.24-.79-.48-9.58-13.51-27.85-17.88-42.3-9.21-15.16 9.09-20.06 28.75-10.97 43.91l77.75 129.59c8.97 14.92 13.69 32 13.69 49.39V304c0 8.84-7.16 16-16 16s-16-7.16-16-16v-80c0-17.6-14.4-32-32-32s-32 14.4-32 32v128c0 51.89 34.84 98.08 84.75 112.34l179.19 46.62c2.66.69 5.38 1.03 8.06 1.03 23.48 0 32-21.18 32-32v-96c0-13.77-8.81-25.99-21.88-30.35z"
                />
              </svg>
            </i>
          </a>
        </div>
        <p
          className="sc-jSFjdj eYpJUz"
        >
          Site Powered By:
        </p>
        <div
          className="sc-crzoAE ExxXS"
        >
          <a
            className="sc-dIsUp kxarIa"
            href="https://www.gatsbyjs.com/"
            target="blank"
            title="Gatsby"
          >
            <i>
              <svg
                fill="currentColor"
                height={24}
                role="img"
                stroke="currentColor"
                strokeWidth="0"
                style={
                  Object {
                    "color": undefined,
                  }
                }
                viewBox="0 0 24 24"
                width={24}
                xmlns="http://www.w3.org/2000/svg"
              >
                <title />
                <path
                  d="M12.001.007C5.326.007.007 5.326.007 12S5.326 23.995 12 23.995s11.994-5.319 11.994-11.994S18.676.007 12.001.007zM2.614 12.105l9.283 9.283c-5.111 0-9.283-4.172-9.283-9.283zm11.473 9.074L2.823 9.915C3.76 5.743 7.516 2.614 12 2.614a9.476 9.476 0 0 1 7.614 3.86L18.259 7.62a7.657 7.657 0 0 0-6.362-3.337A7.555 7.555 0 0 0 4.7 9.393l9.804 9.805c2.4-.835 4.276-2.92 4.798-5.424h-4.068v-1.773h6.154c0 4.485-3.129 8.24-7.301 9.178z"
                />
              </svg>
            </i>
          </a>
          <a
            className="sc-dIsUp eVqmbW"
            href="https://reactjs.org/"
            target="blank"
            title="React"
          >
            <i>
              <svg
                fill="currentColor"
                height={24}
                role="img"
                stroke="currentColor"
                strokeWidth="0"
                style={
                  Object {
                    "color": undefined,
                  }
                }
                viewBox="0 0 24 24"
                width={24}
                xmlns="http://www.w3.org/2000/svg"
              >
                <title />
                <path
                  d="M12 9.861A2.139 2.139 0 1 0 12 14.139 2.139 2.139 0 1 0 12 9.861zM6.008 16.255l-.472-.12C2.018 15.246 0 13.737 0 11.996s2.018-3.25 5.536-4.139l.472-.119.133.468a23.53 23.53 0 0 0 1.363 3.578l.101.213-.101.213a23.307 23.307 0 0 0-1.363 3.578l-.133.467zM5.317 8.95c-2.674.751-4.315 1.9-4.315 3.046 0 1.145 1.641 2.294 4.315 3.046a24.95 24.95 0 0 1 1.182-3.046A24.752 24.752 0 0 1 5.317 8.95zM17.992 16.255l-.133-.469a23.357 23.357 0 0 0-1.364-3.577l-.101-.213.101-.213a23.42 23.42 0 0 0 1.364-3.578l.133-.468.473.119c3.517.889 5.535 2.398 5.535 4.14s-2.018 3.25-5.535 4.139l-.473.12zm-.491-4.259c.48 1.039.877 2.06 1.182 3.046 2.675-.752 4.315-1.901 4.315-3.046 0-1.146-1.641-2.294-4.315-3.046a24.788 24.788 0 0 1-1.182 3.046zM5.31 8.945l-.133-.467C4.188 4.992 4.488 2.494 6 1.622c1.483-.856 3.864.155 6.359 2.716l.34.349-.34.349a23.552 23.552 0 0 0-2.422 2.967l-.135.193-.235.02a23.657 23.657 0 0 0-3.785.61l-.472.119zm1.896-6.63c-.268 0-.505.058-.705.173-.994.573-1.17 2.565-.485 5.253a25.122 25.122 0 0 1 3.233-.501 24.847 24.847 0 0 1 2.052-2.544c-1.56-1.519-3.037-2.381-4.095-2.381zM16.795 22.677c-.001 0-.001 0 0 0-1.425 0-3.255-1.073-5.154-3.023l-.34-.349.34-.349a23.53 23.53 0 0 0 2.421-2.968l.135-.193.234-.02a23.63 23.63 0 0 0 3.787-.609l.472-.119.134.468c.987 3.484.688 5.983-.824 6.854a2.38 2.38 0 0 1-1.205.308zm-4.096-3.381c1.56 1.519 3.037 2.381 4.095 2.381h.001c.267 0 .505-.058.704-.173.994-.573 1.171-2.566.485-5.254a25.02 25.02 0 0 1-3.234.501 24.674 24.674 0 0 1-2.051 2.545zM18.69 8.945l-.472-.119a23.479 23.479 0 0 0-3.787-.61l-.234-.02-.135-.193a23.414 23.414 0 0 0-2.421-2.967l-.34-.349.34-.349C14.135 1.778 16.515.767 18 1.622c1.512.872 1.812 3.37.824 6.855l-.134.468zM14.75 7.24c1.142.104 2.227.273 3.234.501.686-2.688.509-4.68-.485-5.253-.988-.571-2.845.304-4.8 2.208A24.849 24.849 0 0 1 14.75 7.24zM7.206 22.677A2.38 2.38 0 0 1 6 22.369c-1.512-.871-1.812-3.369-.823-6.854l.132-.468.472.119c1.155.291 2.429.496 3.785.609l.235.02.134.193a23.596 23.596 0 0 0 2.422 2.968l.34.349-.34.349c-1.898 1.95-3.728 3.023-5.151 3.023zm-1.19-6.427c-.686 2.688-.509 4.681.485 5.254.987.563 2.843-.305 4.8-2.208a24.998 24.998 0 0 1-2.052-2.545 24.976 24.976 0 0 1-3.233-.501zM12 16.878c-.823 0-1.669-.036-2.516-.106l-.235-.02-.135-.193a30.388 30.388 0 0 1-1.35-2.122 30.354 30.354 0 0 1-1.166-2.228l-.1-.213.1-.213a30.3 30.3 0 0 1 1.166-2.228c.414-.716.869-1.43 1.35-2.122l.135-.193.235-.02a29.785 29.785 0 0 1 5.033 0l.234.02.134.193a30.006 30.006 0 0 1 2.517 4.35l.101.213-.101.213a29.6 29.6 0 0 1-2.517 4.35l-.134.193-.234.02c-.847.07-1.694.106-2.517.106zm-2.197-1.084c1.48.111 2.914.111 4.395 0a29.006 29.006 0 0 0 2.196-3.798 28.585 28.585 0 0 0-2.197-3.798 29.031 29.031 0 0 0-4.394 0 28.477 28.477 0 0 0-2.197 3.798 29.114 29.114 0 0 0 2.197 3.798z"
                />
              </svg>
            </i>
          </a>
          <a
            className="sc-dIsUp hCzeOT"
            href="https://graphql.org/"
            target="blank"
            title="GraphQL"
          >
            <i>
              <svg
                fill="currentColor"
                height={24}
                role="img"
                stroke="currentColor"
                strokeWidth="0"
                style={
                  Object {
                    "color": undefined,
                  }
                }
                viewBox="0 0 24 24"
                width={24}
                xmlns="http://www.w3.org/2000/svg"
              >
                <title />
                <path
                  d="M14.051 2.751l4.935 2.85c.816-.859 2.173-.893 3.032-.077.148.14.274.301.377.477.589 1.028.232 2.339-.796 2.928-.174.1-.361.175-.558.223v5.699c1.146.273 1.854 1.423 1.58 2.569-.048.204-.127.4-.232.581-.592 1.023-1.901 1.374-2.927.782-.196-.113-.375-.259-.526-.429l-4.905 2.832c.372 1.124-.238 2.335-1.361 2.706-.217.071-.442.108-.67.108-1.181.001-2.139-.955-2.14-2.136 0-.205.029-.41.088-.609l-4.936-2.847c-.816.854-2.171.887-3.026.07-.854-.816-.886-2.171-.07-3.026.283-.297.646-.506 1.044-.603l.001-5.699c-1.15-.276-1.858-1.433-1.581-2.584.047-.198.123-.389.224-.566.592-1.024 1.902-1.374 2.927-.782.177.101.339.228.48.377l4.938-2.85C9.613 1.612 10.26.423 11.39.088 11.587.029 11.794 0 12 0c1.181-.001 2.139.954 2.14 2.134.001.209-.03.418-.089.617zm-.515.877c-.019.021-.037.039-.058.058l6.461 11.19c.026-.009.056-.016.082-.023V9.146c-1.145-.283-1.842-1.442-1.558-2.588.006-.024.012-.049.019-.072l-4.946-2.858zm-3.015.059l-.06-.06-4.946 2.852c.327 1.135-.327 2.318-1.461 2.645-.026.008-.051.014-.076.021v5.708l.084.023 6.461-11.19-.002.001zm2.076.507c-.39.112-.803.112-1.192 0l-6.46 11.189c.294.283.502.645.6 1.041h12.911c.097-.398.307-.761.603-1.044L12.597 4.194zm.986 16.227l4.913-2.838c-.015-.047-.027-.094-.038-.142H5.542l-.021.083 4.939 2.852c.388-.404.934-.653 1.54-.653.627 0 1.19.269 1.583.698z"
                />
              </svg>
            </i>
          </a>
          <a
            className="sc-dIsUp cxmzhI"
            href="https://styled-components.com/"
            target="blank"
            title="Styled-Components"
          >
            <i>
              <svg
                fill="currentColor"
                height={24}
                role="img"
                stroke="currentColor"
                strokeWidth="0"
                style={
                  Object {
                    "color": undefined,
                  }
                }
                viewBox="0 0 24 24"
                width={24}
                xmlns="http://www.w3.org/2000/svg"
              >
                <title />
                <path
                  d="M16.214 6.762l-.075.391c-.116.741-.074.953.244 1.228l.307.254-.318 1.418c-.19.846-.423 1.555-.571 1.788-.127.201-.275.497-.307.656-.053.19-.233.381-.508.55-.243.138-.72.508-1.058.805-.27.243-.456.392-.557.456l-.33.261c-.106.17-.166.307-.189.411-.023.107-.01.178.024.23.033.05.09.085.168.107a.954.954 0 00.282.023 3 3 0 00.632-.112c.07-.019.125-.037.173-.053.074-.091.245-.263.548-.562.804-.793 1.111-1.227.794-1.11-.117.042-.064-.064.137-.276.424-.413.667-1.037 1.175-2.994.402-1.545.402-1.567.698-1.567.139 0 .532.024.532.024V6.762h-.902zm3.839 3.165c-.064 0-.17.096-.233.202-.116.19.021.306 1.767 1.396 1.037.657 1.873 1.217 1.852 1.26-.021.031-.868.582-1.883 1.217-1.842 1.142-1.852 1.153-1.683 1.386.212.275 0 .37 2.391-1.122L24 13.155v-.836l-1.937-1.196c-1.047-.656-1.957-1.185-2.01-1.196zm-16.085.117c-.053 0-.963.54-2.01 1.185L0 12.425v.836l1.947 1.217c1.08.666 1.99 1.217 2.032 1.217.042 0 .127-.096.212-.212.127-.201.02-.286-1.768-1.418C.72 12.996.54 12.848.71 12.732c.106-.074.91-.572 1.778-1.111 1.979-1.217 1.873-1.133 1.714-1.387-.063-.105-.17-.2-.233-.19zm8.684.023c-.292-.002-.92.443-2.8 1.978-.081.193-.088.326-.051.412.024.059.068.1.129.13.06.03.138.048.224.055.171.015.373-.012.536-.044l.11-.025a.386.386 0 01.144-.118c.116-.064.603-.508 1.09-.984.857-.868 1.058-1.26.709-1.387a.24.24 0 00-.09-.017zm2.196.603c-.257.007-.72.305-1.513.938-.398.323-.65.497-.785.533l-.524.414c-.197.36-.226.583-.174.706a.25.25 0 00.138.134.644.644 0 00.24.045 2.18 2.18 0 00.58-.085 3.466 3.466 0 00.291-.092l.029-.012.053-.028c.1-.129.33-.372.618-.652.91-.878 1.375-1.502 1.28-1.735-.043-.113-.117-.17-.233-.166zm-2.424 1.08c-.074.008-.24.136-.539.398-.432.382-.903.602-1.066.504a3.97 3.97 0 01-.114.024c-.166.033-.373.06-.558.045a.708.708 0 01-.252-.063.337.337 0 01-.168-.17c-.037-.09-.037-.202.005-.345l-.65.534-1.471 1.217V15.867l4.82-3.797a.41.41 0 01.016-.123c.037-.134.035-.202-.023-.196zm2.074.639c-.073 0-.195.103-.39.31-.265.283-.682.557-.903.613l-.034.018a2.191 2.191 0 01-.11.042c-.06.02-.138.044-.228.068-.18.049-.404.094-.604.089a.732.732 0 01-.275-.054.344.344 0 01-.184-.18c-.058-.139-.035-.334.092-.611L7.61 16.033v1.205h1.868l3.962-3.112c.103-.114.258-.27.467-.465.56-.519.687-.698.687-.963 0-.206-.023-.31-.096-.31zm.943 1.95l-.339.338c-.19.18-.529.402-.761.497l-.046.02-.003.005-.01.01c-.009.007-.013.008-.02.011a3.432 3.432 0 01-.282.093 3.058 3.058 0 01-.65.115 1.035 1.035 0 01-.31-.027.364.364 0 01-.218-.144c-.048-.074-.062-.173-.035-.295a1.11 1.11 0 01.095-.25l-3.197 2.526h4.252l.508-.582c.698-.814 1.016-1.396 1.016-1.894z"
                />
              </svg>
            </i>
          </a>
          <a
            className="sc-dIsUp gPAZKU"
            href="https://www.typescriptlang.org/"
            target="blank"
            title="Typescript"
          >
            <i>
              <svg
                fill="currentColor"
                height={24}
                role="img"
                stroke="currentColor"
                strokeWidth="0"
                style={
                  Object {
                    "color": undefined,
                  }
                }
                viewBox="0 0 24 24"
                width={24}
                xmlns="http://www.w3.org/2000/svg"
              >
                <title />
                <path
                  d="M0 12v12h24V0H0zm19.341-.956c.61.152 1.074.423 1.501.865.221.236.549.666.575.77.008.03-1.036.73-1.668 1.123-.023.015-.115-.084-.217-.236-.31-.45-.633-.644-1.128-.678-.728-.05-1.196.331-1.192.967a.88.88 0 0 0 .102.45c.16.331.458.53 1.39.933 1.719.74 2.454 1.227 2.911 1.92.51.773.625 2.008.278 2.926-.38.998-1.325 1.676-2.655 1.9-.411.073-1.386.062-1.828-.018-.964-.172-1.878-.648-2.442-1.273-.221-.243-.652-.88-.625-.925.011-.016.11-.077.22-.141.108-.061.511-.294.892-.515l.69-.4.145.214c.202.308.643.731.91.872.766.404 1.817.347 2.335-.118a.883.883 0 0 0 .313-.72c0-.278-.035-.4-.18-.61-.186-.266-.567-.49-1.649-.96-1.238-.533-1.771-.864-2.259-1.39a3.165 3.165 0 0 1-.659-1.2c-.091-.339-.114-1.189-.042-1.531.255-1.197 1.158-2.03 2.461-2.278.423-.08 1.406-.05 1.821.053zm-5.634 1.002l.008.983H10.59v8.876H8.38v-8.876H5.258v-.964c0-.534.011-.98.026-.99.012-.016 1.913-.024 4.217-.02l4.195.012z"
                />
              </svg>
            </i>
          </a>
          <a
            className="sc-dIsUp ePIbUl"
            href="https://webpack.js.org/"
            target="blank"
            title="Webpack"
          >
            <i>
              <svg
                fill="currentColor"
                height={24}
                role="img"
                stroke="currentColor"
                strokeWidth="0"
                style={
                  Object {
                    "color": undefined,
                  }
                }
                viewBox="0 0 24 24"
                width={24}
                xmlns="http://www.w3.org/2000/svg"
              >
                <title />
                <path
                  d="M21.0157 18.1202L12.351 23v-3.8007l5.3986-2.9567 3.266 1.8776zm.5927-.5344V7.3805l-3.1708 1.822v6.5593l3.1708 1.824zm-18.6827.5344L11.5904 23v-3.8007l-5.3986-2.9567-3.266 1.8776zm-.5927-.5344V7.3805l3.1707 1.822v6.5593l-3.1707 1.824zm.371-10.8656l8.8864-5.0056v3.6748L5.8974 8.507l-.0434.0248-3.15-1.8116zm18.5335 0L12.351 1.7146v3.6748l5.693 3.1177.0434.0248 3.15-1.8116zm-9.647 11.6146l-5.3262-2.9155V9.642l5.326 3.062v5.6308zm.7605 0l5.326-2.9155V9.642l-5.326 3.062v5.6308zM6.625 8.9734l5.3467-2.928 5.3468 2.928-5.3468 3.0744L6.625 8.9734z"
                />
              </svg>
            </i>
          </a>
          <a
            className="sc-dIsUp bUwsEk"
            href="https://www.netlify.com/"
            target="blank"
            title="Netlify"
          >
            <i>
              <svg
                fill="currentColor"
                height={24}
                role="img"
                stroke="currentColor"
                strokeWidth="0"
                style={
                  Object {
                    "color": undefined,
                  }
                }
                viewBox="0 0 24 24"
                width={24}
                xmlns="http://www.w3.org/2000/svg"
              >
                <title />
                <path
                  d="M16.934 8.519a1.044 1.044 0 0 1 .303.23l2.349-1.045-2.192-2.171-.491 2.954zM12.06 6.546a1.305 1.305 0 0 1 .209.574l3.497 1.482a1.044 1.044 0 0 1 .355-.177l.574-3.55-2.13-2.234-2.505 3.852v.053zm11.933 5.491l-3.748-3.748-2.548 1.044 6.264 2.662s.053.042.032.042zm-.627.606l-6.013-2.569a1.044 1.044 0 0 1-.7.407l-.647 3.957a1.044 1.044 0 0 1 .303.731l3.633.762 3.33-3.31v-.062zM15.4 9.25L12.132 7.86a1.2 1.2 0 0 1-1.044.543h-.199L8.185 12.58l7.225-3.132v.01a.887.887 0 0 1 0-.167.052.052 0 0 0-.01-.041zm3.967 7.308l-3.195-.658a1.096 1.096 0 0 1-.46.344l-.761 4.72 4.437-4.396s-.01.02-.021.02zm-4.469-.324a1.044 1.044 0 0 1-.616-.71l-5.95-1.222-.084.136 5.398 7.81.323-.324.919-5.67s.031.022.01.011zm-6.441-2.652l5.878 1.211a1.044 1.044 0 0 1 .824-.522l.637-3.894-.135-.115-7.308 3.132a1.817 1.817 0 0 1 .104.188zm-2.464.981l-.125-.125-2.537 1.044 1.232 1.222 1.399-2.172zm1.67.397a1.368 1.368 0 0 1-.563.125 1.389 1.389 0 0 1-.45-.073l-1.544 2.245 6.765 6.702 1.19-1.18zm-.95-2.641a1.702 1.702 0 0 1 .314 0 1.378 1.378 0 0 1 .344 0l2.735-4.25a1.19 1.19 0 0 1-.334-.824 1.242 1.242 0 0 1 0-.271l-3.32-1.535-2.672 2.6zm.303-7.402l3.237 1.378a1.242 1.242 0 0 1 .835-.282 1.357 1.357 0 0 1 .397.063l2.526-3.947L11.923.041 7.016 4.854s-.01.052 0 .063zm-1.21 8.164a1.566 1.566 0 0 1 .24-.334L3.278 8.613 0 11.797l5.804 1.284zm-.262.7L.533 12.735l2.203 2.235 2.777-1.18z"
                />
              </svg>
            </i>
          </a>
        </div>
      </div>
    </div>
    <div
      className="sc-iemWCZ exIsGh"
    />
    <p
      className="sc-jSFjdj sc-bkbkJK eYpJUz jdiBBO"
    >
      ¬© 
      2021
       produced and designed by Ian Chan
    </p>
  </footer>
</div>
`;
